----------------------------------------------------------------
-Pin Report - Date: Tue Jan  4 12:42:32 2022 Pinchecksum: NOT-AVAILABLE
-Product: Designer
-Release: v2021.2
-Version: 2021.2.0.11
-Design Name: TOP
-Family: SmartFusion2
-Die: M2S010
-Package: 256 VF
-----------------------------------------------------------------

Port              |Pin |Fixed |Function                                   |Bank     |I/O Std   |Direction                      |I/O state in Flash*Freeze mode |Resistor Pull                      |I/O available in Flash*Freeze mode |Schmitt Trigger |Odt_Static    |Odt Imp (Ohm)  |Low Power Exit |Input Delay |Slew         |Pre-Emphasis      |Output Drive (mA) |Output Load (pF) |
------------------|----|------|-------------------------------------------|---------|----------|-------------------------------|-------------------------------|-----------------------------------|-----------------------------------|----------------|--------------|---------------|---------------|------------|-------------|------------------|------------------|-----------------|
CAM_PWDN_O         M16  Yes    MSIO1NB2/USB_DIR_B                          Bank2     LVCMOS25   Output                          LAST_VALUE                      None                                No                                  ---              ---            ---             ---             ---          SLOW          ---                4                  5                 
cs_o               H4   Yes    MSIO81NB7                                   Bank7     LVCMOS25   Output                          TRISTATE                        None                                No                                  ---              ---            ---             ---             ---          SLOW          ---                4                  5                 
DATA_I[0]          H14  Yes    MSIO18PB2/GPIO_8_A                          Bank2     LVCMOS25   Input                           TRISTATE                        None                                No                                  Off              ---            ---             Off             Off          ---           ---                ---                ---               
DATA_I[1]          H15  Yes    MSIO19PB2/GPIO_10_A                         Bank2     LVCMOS25   Input                           TRISTATE                        None                                No                                  Off              ---            ---             Off             Off          ---           ---                ---                ---               
DATA_I[2]          N15  Yes    MSIO0NB2/USB_DATA7_B                        Bank2     LVCMOS25   Input                           TRISTATE                        None                                No                                  Off              ---            ---             Off             Off          ---           ---                ---                ---               
DATA_I[3]          F5   Yes    MSIO75NB7                                   Bank7     LVCMOS25   Input                           TRISTATE                        None                                No                                  Off              ---            ---             Off             Off          ---           ---                ---                ---               
DATA_I[4]          L15  Yes    MSIO4NB2/USB_DATA3_B                        Bank2     LVCMOS25   Input                           TRISTATE                        None                                No                                  Off              ---            ---             Off             Off          ---           ---                ---                ---               
DATA_I[5]          M13  Yes    MSIO2NB2/USB_NXT_B                          Bank2     LVCMOS25   Input                           TRISTATE                        None                                No                                  Off              ---            ---             Off             Off          ---           ---                ---                ---               
DATA_I[6]          N14  Yes    MSIO2PB2/USB_STP_B                          Bank2     LVCMOS25   Input                           TRISTATE                        None                                No                                  Off              ---            ---             Off             Off          ---           ---                ---                ---               
DATA_I[7]          N16  Yes    MSIO1PB2/USB_XCLK_B                         Bank2     LVCMOS25   Input                           TRISTATE                        None                                No                                  Off              ---            ---             Off             Off          ---           ---                ---                ---               
data_o[0]          G14  Yes    MSIO18NB2/GPIO_9_A                          Bank2     LVCMOS25   Output                          TRISTATE                        None                                No                                  ---              ---            ---             ---             ---          SLOW          ---                4                  5                 
data_o[1]          K14  Yes    MSIO6PB2/USB_DATA6_B                        Bank2     LVCMOS25   Output                          TRISTATE                        None                                No                                  ---              ---            ---             ---             ---          SLOW          ---                4                  5                 
data_o[2]          K15  Yes    MSIO6NB2                                    Bank2     LVCMOS25   Output                          TRISTATE                        None                                No                                  ---              ---            ---             ---             ---          SLOW          ---                4                  5                 
data_o[3]          K16  Yes    MSIO4PB2/USB_DATA2_B                        Bank2     LVCMOS25   Output                          TRISTATE                        None                                No                                  ---              ---            ---             ---             ---          SLOW          ---                4                  5                 
data_o[4]          G5   Yes    MSIO75PB7                                   Bank7     LVCMOS25   Output                          TRISTATE                        None                                No                                  ---              ---            ---             ---             ---          SLOW          ---                4                  5                 
data_o[5]          F4   Yes    MSIO78PB7/GB2                               Bank7     LVCMOS25   Output                          TRISTATE                        None                                No                                  ---              ---            ---             ---             ---          SLOW          ---                4                  5                 
data_o[6]          G2   Yes    MSIO80NB7                                   Bank7     LVCMOS25   Output                          TRISTATE                        None                                No                                  ---              ---            ---             ---             ---          SLOW          ---                4                  5                 
data_o[7]          F2   Yes    MSIO79NB7                                   Bank7     LVCMOS25   Output                          TRISTATE                        None                                No                                  ---              ---            ---             ---             ---          SLOW          ---                4                  5                 
DEVRST_N_0         M11  Fixed  DEVRST_N                                    ---       
Fabric_Active      L12  Yes    MSIO3NB2/USB_DATA1_B                        Bank2     LVCMOS25   Output                          TRISTATE                        None                                No                                  ---              ---            ---             ---             ---          SLOW          ---                4                  5                 
FF_Entry_SW        P12  Yes    MSIO117PB4                                  Bank4     LVCMOS25   Input                           TRISTATE                        None                                No                                  Off              ---            ---             Off             Off          ---           ---                ---                ---               
H_REF_I            P7   Yes    MSIO103NB4/PROBE_B                          Bank4     LVCMOS25   Input                           TRISTATE                        None                                No                                  Off              ---            ---             Off             Off          ---           ---                ---                ---               
INIT_DONE          R10  Yes    MSIO113NB4                                  Bank4     LVCMOS25   Output                          TRISTATE                        None                                No                                  ---              ---            ---             ---             ---          SLOW          ---                4                  5                 
LCD_RST_O          L13  Yes    MSIO5NB2/USB_DATA5_B                        Bank2     LVCMOS25   Output                          LAST_VALUE                      None                                No                                  ---              ---            ---             ---             ---          SLOW          ---                4                  5                 
led[0]             T13  Yes    MSIO118PB4                                  Bank4     LVCMOS25   Output                          TRISTATE                        None                                No                                  ---              ---            ---             ---             ---          SLOW          ---                4                  5                 
led[1]             G13  Yes    MSIO27PB1/MMUART_0_RXD/GPIO_28_B            Bank1     LVCMOS25   Output                          TRISTATE                        None                                No                                  ---              ---            ---             ---             ---          SLOW          ---                4                  5                 
PCLK_I             T9   Yes    MSIO106PB4                                  Bank4     LVCMOS25   Input                           TRISTATE                        None                                No                                  Off              ---            ---             Off             Off          ---           ---                ---                ---               
rd_o               H3   Yes    MSIO81PB7                                   Bank7     LVCMOS25   Output                          TRISTATE                        None                                No                                  ---              ---            ---             ---             ---          SLOW          ---                4                  5                 
rs_o               L11  Yes    MSIO3PB2/USB_DATA0_B                        Bank2     LVCMOS25   Output                          TRISTATE                        None                                No                                  ---              ---            ---             ---             ---          SLOW          ---                4                  5                 
RX                 H13  Yes    MSIO22NB1/MMUART_1_RXD/GPIO_26_B            Bank1     LVCMOS25   Input                           TRISTATE                        None                                No                                  Off              ---            ---             Off             Off          ---           ---                ---                ---               
SCL                G1   Yes    MSIO79PB7/GB1                               Bank7     LVCMOS25   Inout                           TRISTATE                        None                                No                                  Off              ---            ---             Off             Off          SLOW          ---                4                  5                 
SDA                G16  Yes    MSIO19NB2/GPIO_14_A                         Bank2     LVCMOS25   Inout                           TRISTATE                        None                                No                                  Off              ---            ---             Off             Off          SLOW          ---                4                  5                 
SW_output          H16  Yes    MSIO11NB2/I2C_1_SCL/GPIO_1_A/CCC_NE0_CLKI2  Bank2     LVCMOS25   Output                          TRISTATE                        None                                No                                  ---              ---            ---             ---             ---          SLOW          ---                4                  5                 
TX                 H12  Yes    MSIO21NB1/MMUART_1_TXD/GPIO_24_B            Bank1     LVCMOS25   Output                          TRISTATE                        None                                No                                  ---              ---            ---             ---             ---          SLOW          ---                4                  5                 
V_SYNC_I           M15  Yes    MSIO0PB2                                    Bank2     LVCMOS25   Input                           TRISTATE                        None                                No                                  Off              ---            ---             Off             Off          ---           ---                ---                ---               
Wake_On_Change_SW  G12  Yes    MSI26NB1/MMUART_0_TXD/GPIO_27_B             Bank1     LVCMOS25   Input                           TRISTATE                        None                                No                                  Off              ---            ---             Wake_On_0       Off          ---           ---                ---                ---               
wr_o               P13  Yes    MSIO117NB4                                  Bank4     LVCMOS25   Output                          TRISTATE                        None                                No                                  ---              ---            ---             ---             ---          SLOW          ---                4                  5                 
XCLK               L14  Yes    MSIO5PB2/USB_DATA4_B                        Bank2     LVCMOS25   Output                          TRISTATE                        None                                No                                  ---              ---            ---             ---             ---          SLOW          ---                4                  5                 
