Resource Report
Microsemi Corporation - Microsemi Libero Software Release v2021.2 (Version 2021.2.0.11)
Date: Tue Jan  4 12:41:47 2022

Device Selection
+--------------------------------+----------------+
| Family                         | SmartFusion2   |
| Device                         | M2S010         |
| Package                        | 256 VF         |
| Speed Grade                    | -1             |
| Temp                           | -40:25:100     |
| Voltage                        | 1.26:1.20:1.14 |
| Core Voltage                   | 1.2V           |
| Ramp Rate                      | 100ms Minimum  |
| System Controller Suspend Mode | No             |
| PLL Supply Voltage             | 2.5V           |
| Default I/O technology         | LVCMOS 2.5V    |
| Restrict Probe Pins            | No             |
| Restrict SPI Pins              | No             |
+--------------------------------+----------------+

Source Files
+---------+--------------------------------------------------------------------------------------------------------------------------------------------------------------+
| Topcell | TOP                                                                                                                                                          |
| Format  | Verilog                                                                                                                                                      |
| Source  | D:\time_eternity\desktop_download_doc_pic_vid_music\Desktop\industrie_and_space\pro\Image_Processing_with_low_power_demo\HF10_OV7725_LCD_FF\synthesis\TOP.vm |
+---------+--------------------------------------------------------------------------------------------------------------------------------------------------------------+

Options
+----------------------------------------------------+-------+
| Enable Single Event Transient mitigation           | false |
| Enable Design Separation Methodology               | false |
| Limit the number of high fanout nets to display to | 10    |
+----------------------------------------------------+-------+

Resource Usage
+---------------------------+------+-------+------------+
| Type                      | Used | Total | Percentage |
+---------------------------+------+-------+------------+
| 4LUT                      | 2106 | 12084 | 17.43      |
| DFF                       | 1625 | 12084 | 13.45      |
| I/O Register              | 0    | 414   | 0.00       |
| User I/O                  | 37   | 138   | 26.81      |
| -- Single-ended I/O       | 37   | 138   | 26.81      |
| -- Differential I/O Pairs | 0    | 65    | 0.00       |
| RAM64x18                  | 1    | 22    | 4.55       |
| RAM1K18                   | 17   | 21    | 80.95      |
| MACC                      | 4    | 22    | 18.18      |
| Chip Globals              | 8    | 8     | 100.00     |
| CCC                       | 1    | 2     | 50.00      |
| RCOSC_25_50MHZ            | 1    | 1     | 100.00     |
| RCOSC_1MHZ                | 0    | 1     | 0.00       |
| XTLOSC                    | 0    | 1     | 0.00       |
| MSS                       | 1    | 1     | 100.00     |
+---------------------------+------+-------+------------+

Detailed Logic Resource Usage
+--------------------------+------+------+
| Type                     | 4LUT | DFF  |
+--------------------------+------+------+
| Fabric Logic             | 1314 | 833  |
| RAM64x18 Interface Logic | 36   | 36   |
| RAM1K18 Interface Logic  | 612  | 612  |
| MACC Interface Logic     | 144  | 144  |
| Total Used               | 2106 | 1625 |
+--------------------------+------+------+

MSS Resource Usage
+---------------+------+-------+
| Type          | Used | Total |
+---------------+------+-------+
| Cortex-M3*    | 1    | 1     |
| eNVM (256KB)* | 1    | 1     |
| eSRAM*        | 2    | 2     |
| TIMER*        | 2    | 2     |
| CAN           | 0    | 1     |
| SPI           | 0    | 2     |
| I2C           | 1    | 2     |
| UART          | 0    | 2     |
| USB           | 0    | 1     |
| MAC           | 0    | 1     |
| MDDR          | 0    | 1     |
| HPDMA         | 1    | 1     |
| PDMA          | 1    | 1     |
+---------------+------+-------+

* These resources are always marked as used when you are using the MSS

Detailed Carry Chains Resource Usage
+--------+------+
| Length | Used |
| 2      | 2    |
| 5      | 1    |
| 7      | 3    |
| 8      | 1    |
| 9      | 1    |
| 10     | 2    |
| 11     | 4    |
| 13     | 1    |
| 14     | 1    |
| 15     | 1    |
| 16     | 2    |
| 18     | 1    |
| 19     | 2    |
| 21     | 3    |
| 27     | 1    |
| Total  | 26   |
+--------+------+

Detailed MACC Resource Usage
+--------+------+
| Length | Used |
| 1      | 4    |
| Total  | 4    |
+--------+------+

I/O Function
+-------------------------------+--------------+-------------+-----------------+
| Type                          | w/o register | w/ register | w/ DDR register |
+-------------------------------+--------------+-------------+-----------------+
| Input I/O                     | 14           | 0           | 0               |
| Output I/O                    | 21           | 0           | 0               |
| Bidirectional I/O             | 2            | 0           | 0               |
| Differential Input I/O Pairs  | 0            | 0           | 0               |
| Differential Output I/O Pairs | 0            | 0           | 0               |
+-------------------------------+--------------+-------------+-----------------+

I/O Technology
+--------------+--------+------+-------+--------+---------------+
| I/O Standard | Vddi   | Vref | Input | Output | Bidirectional |
+--------------+--------+------+-------+--------+---------------+
| LVCMOS25     |  2.50v |  N/A |  14   |  21    |  2            |
+--------------+--------+------+-------+--------+---------------+

Nets assigned to chip global resources
+--------+---------+--------------------------------------------------------------------------------------------------+
| Fanout | Type    | Name                                                                                             |
+--------+---------+--------------------------------------------------------------------------------------------------+
| 888    | INT_NET | Net   : FlashFreeze_SB_0_GL0                                                                     |
|        |         | Driver: FlashFreeze_SB_0/CCC_0/GL0_INST/U0_RGB1                                                  |
|        |         | Source: NETLIST                                                                                  |
| 489    | INT_NET | Net   : MX2_0_Y_arst                                                                             |
|        |         | Driver: MX2_0_RNI6A05/U0_RGB1                                                                    |
|        |         | Source: NETLIST                                                                                  |
| 178    | INT_NET | Net   : INIT_DONE_arst                                                                           |
|        |         | Driver: FlashFreeze_SB_0/CORERESET_FF_0_0/CORERESET_FF_0_0/INIT_DONE_RNIV1UE/U0_RGB1             |
|        |         | Source: NETLIST                                                                                  |
| 20     | INT_NET | Net   : FlashFreeze_SB_0/CORERESET_FF_0_0/CORERESET_FF_0_0/sm0_areset_n_clk_base_i               |
|        |         | Driver: FlashFreeze_SB_0/CORERESET_FF_0_0/CORERESET_FF_0_0/sm0_areset_n_clk_base_RNIPALD/U0_RGB1 |
|        |         | Source: NETLIST                                                                                  |
| 15     | INT_NET | Net   : OSC_C0_0_RCOSC_25_50MHZ_O2F                                                              |
|        |         | Driver: OSC_C0_0/OSC_C0_0/I_RCOSC_25_50MHZ_FAB_CLKINT/U0_RGB1                                    |
|        |         | Source: NETLIST                                                                                  |
| 12     | INT_NET | Net   : FlashFreeze_SB_0/CORERESET_FF_0_0/CORERESET_FF_0_0/sm0_areset_n_arst                     |
|        |         | Driver: FlashFreeze_SB_0/CORERESET_FF_0_0/CORERESET_FF_0_0/sdif0_areset_n_RNICQO8/U0_RGB1        |
|        |         | Source: NETLIST                                                                                  |
| 2      | INT_NET | Net   : led_blink_0/clkout_Z                                                                     |
|        |         | Driver: led_blink_0/clkout_inferred_clock_RNICM14/U0_RGB1                                        |
|        |         | Source: NETLIST                                                                                  |
| 1      | INT_NET | Net   : FlashFreeze_SB_0/CCC_0_GL1                                                               |
|        |         | Driver: FlashFreeze_SB_0/CCC_0/GL1_INST/U0_RGB1                                                  |
|        |         | Source: NETLIST                                                                                  |
+--------+---------+--------------------------------------------------------------------------------------------------+

Nets assigned to row global resources
+--------+------+------+
| Fanout | Type | Name |
+--------+------+------+
+--------+------+------+

High fanout nets
+--------+---------+-------------------------------------------------------------------+
| Fanout | Type    | Name                                                              |
+--------+---------+-------------------------------------------------------------------+
| 73     | INT_NET | Net   : line_write_read_0/xy_display_1/WPOINTS_0/s_state_Z[0]     |
|        |         | Driver: line_write_read_0/xy_display_1/WPOINTS_0/s_state[0]       |
| 67     | INT_NET | Net   : line_write_read_0/xy_display_1/WPOINTS_0/s_state_Z[2]     |
|        |         | Driver: line_write_read_0/xy_display_1/WPOINTS_0/s_state[2]       |
| 61     | INT_NET | Net   : line_write_read_0/xy_display_1/ROW_PTR_0_v_sync_re        |
|        |         | Driver: line_write_read_0/xy_display_1/ROW_PTR_0/v_sync_re        |
| 54     | INT_NET | Net   : line_write_read_0/xy_display_1/WPOINTS_0/s_state_Z[3]     |
|        |         | Driver: line_write_read_0/xy_display_1/WPOINTS_0/s_state[3]       |
| 54     | INT_NET | Net   : line_write_read_0/xy_display_1/WPOINTS_0/s_state_Z[1]     |
|        |         | Driver: line_write_read_0/xy_display_1/WPOINTS_0/s_state[1]       |
| 51     | INT_NET | Net   : line_write_read_0/xy_display_1/WPOINTS_0/s_state_d_i[61]  |
|        |         | Driver: line_write_read_0/xy_display_1/WPOINTS_0/s_state_s2_0_a10 |
| 48     | INT_NET | Net   : MX2_0_Y                                                   |
|        |         | Driver: MX2_0                                                     |
| 43     | INT_NET | Net   : line_write_read_0/xy_display_1/WPOINTS_0/s_state_Z[5]     |
|        |         | Driver: line_write_read_0/xy_display_1/WPOINTS_0/s_state[5]       |
| 40     | INT_NET | Net   : CFG0_GND_INST_NET                                         |
|        |         | Driver: CFG0_GND_INST                                             |
| 36     | INT_NET | Net   : line_write_read_0/LCD_FSM_0/s_state_Z[3]                  |
|        |         | Driver: line_write_read_0/LCD_FSM_0/s_state[3]                    |
+--------+---------+-------------------------------------------------------------------+

High fanout nets (through buffer trees)
+--------+---------+-------------------------------------------------------------------+
| Fanout | Type    | Name                                                              |
+--------+---------+-------------------------------------------------------------------+
| 73     | INT_NET | Net   : line_write_read_0/xy_display_1/WPOINTS_0/s_state_Z[0]     |
|        |         | Driver: line_write_read_0/xy_display_1/WPOINTS_0/s_state[0]       |
| 67     | INT_NET | Net   : line_write_read_0/xy_display_1/WPOINTS_0/s_state_Z[2]     |
|        |         | Driver: line_write_read_0/xy_display_1/WPOINTS_0/s_state[2]       |
| 61     | INT_NET | Net   : line_write_read_0/xy_display_1/ROW_PTR_0_v_sync_re        |
|        |         | Driver: line_write_read_0/xy_display_1/ROW_PTR_0/v_sync_re        |
| 54     | INT_NET | Net   : line_write_read_0/xy_display_1/WPOINTS_0/s_state_Z[3]     |
|        |         | Driver: line_write_read_0/xy_display_1/WPOINTS_0/s_state[3]       |
| 54     | INT_NET | Net   : line_write_read_0/xy_display_1/WPOINTS_0/s_state_Z[1]     |
|        |         | Driver: line_write_read_0/xy_display_1/WPOINTS_0/s_state[1]       |
| 51     | INT_NET | Net   : line_write_read_0/xy_display_1/WPOINTS_0/s_state_d_i[61]  |
|        |         | Driver: line_write_read_0/xy_display_1/WPOINTS_0/s_state_s2_0_a10 |
| 48     | INT_NET | Net   : MX2_0_Y                                                   |
|        |         | Driver: MX2_0                                                     |
| 43     | INT_NET | Net   : line_write_read_0/xy_display_1/WPOINTS_0/s_state_Z[5]     |
|        |         | Driver: line_write_read_0/xy_display_1/WPOINTS_0/s_state[5]       |
| 40     | INT_NET | Net   : CFG0_GND_INST_NET                                         |
|        |         | Driver: CFG0_GND_INST                                             |
| 36     | INT_NET | Net   : line_write_read_0/LCD_FSM_0/s_state_Z[3]                  |
|        |         | Driver: line_write_read_0/LCD_FSM_0/s_state[3]                    |
+--------+---------+-------------------------------------------------------------------+

